test to see if git will ignore .log files
